
> client@0.0.0 build
> tsc -b && vite build

[36mvite v7.2.7 [32mbuilding client environment for production...[36m[39m
transforming...
npm : Browserslist: browsers data (caniuse-lite) is 6 months old. Please run:
At line:1 char:1
+ npm run build > build_output.txt 2>&1
+ ~~~~~~~~~~~~~~~~~~~~~~~~~~~~~~~~~~~~~
    + CategoryInfo          : NotSpecified: (Browserslist: b...ld. Please run::String) [], RemoteException
    + FullyQualifiedErrorId : NativeCommandError
 
  npx update-browserslist-db@latest
  Why you should do it regularly: https://github.com/browserslist/update-db#readme
[32mΓ£ô[39m 2600 modules transformed.
rendering chunks...
computing gzip size...
[2mdist/[22m[32mindex.html                    [39m[1m[2m    0.45 kB[22m[1m[22m[2m Γöé gzip:   0.29 kB[22m
[2mdist/[22m[35massets/index-CwL1eYwK.css     [39m[1m[2m   53.26 kB[22m[1m[22m[2m Γöé gzip:   8.70 kB[22m
[2mdist/[22m[36massets/purify.es-Bzr520pe.js  [39m[1m[2m   22.45 kB[22m[1m[22m[2m Γöé gzip:   8.63 kB[22m
[2mdist/[22m[36massets/index.es-BaX-gCVZ.js   [39m[1m[2m  158.58 kB[22m[1m[22m[2m Γöé gzip:  52.93 kB[22m
[2mdist/[22m[36massets/index-D9gb4EkP.js      [39m[1m[2m1,307.09 kB[22m[1m[22m[2m Γöé gzip: 389.62 kB[22m
[32mΓ£ô built in 16.15s[39m
